
=== launch 2026-08-07T07:05:39 === C:\Users\Ellio\AppData\Local\Programs\Python\Python314\python.exe -u C:\Elliot's Stuff\SNN\Text SNN\scripts\chat\train.py --run-name chat-v6-inst-b --out-dir experiments/chat --init-from experiments/chat/chat-v2-anneal/ckpt_best.pt --no-resume --max-steps 14000 --batch-size 160 --seq-len 256 --lr 5e-4 --bot-loss-weight 3.0 --align-frac 0.75 --align-lookahead 1024 --budget-minutes 46 --mix stories_short=0.40 soda=0.03 alpaca=0.32 tinystories=0.07 persona=0.05 dolly=0.10 oasst1=0.03
chat run 'chat-v6-inst-b'
  arch twocomp_threshold, d=1024, K=4, V=101 -> 4,417,637 parameters
  B=160, L=256, 14,000 steps = 0.57 G characters
  mix {'stories_short': 0.4, 'soda': 0.03, 'alpaca': 0.32, 'tinystories': 0.07, 'persona': 0.05, 'dolly': 0.1, 'oasst1': 0.03}
  4,417,637 params, d=1024, K=4, V=101
  weight decay 0.1 on all but 16,485 neuron parameters (beta_s_raw, w, thr_log, biases)
  bot loss weight 3, 75% of windows aligned to a conversation start
  mix: alpaca 32%, dolly 10%, oasst1 3%, persona 5%, soda 3%, stories_short 40%, tinystories 7%
  slow-pole tau: 3.0 .. 600.0 (median 42.3) characters
  initialised weights from experiments/chat/chat-v2-anneal/ckpt_best.pt (step 7874); optimiser and step start fresh
  graph captured in 0.27s
step       0  loss 0.7595  bpc 1.0957 (plain 1.1380)  lr 1.00e-06  |g| 0.29  rate [0.208, 0.119, 0.169, 0.288]
step     100  loss 0.7511  bpc 1.0837 (plain 1.0906)  lr 1.01e-04  |g| 0.25  rate [0.209, 0.119, 0.169, 0.289]  eta 38m  budget 46m
step     200  loss 0.8062  bpc 1.1631 (plain 1.1748)  lr 2.01e-04  |g| 0.27  rate [0.209, 0.119, 0.170, 0.286]  eta 38m  budget 45m
step     300  loss 0.7813  bpc 1.1272 (plain 1.1442)  lr 3.01e-04  |g| 0.29  rate [0.209, 0.119, 0.168, 0.288]  eta 37m  budget 45m
step     400  loss 0.7597  bpc 1.0961 (plain 1.1023)  lr 4.01e-04  |g| 0.29  rate [0.207, 0.119, 0.169, 0.291]  eta 37m  budget 45m
step     500  loss 0.8039  bpc 1.1598 (plain 1.1621)  lr 5.00e-04  |g| 0.33  rate [0.207, 0.118, 0.167, 0.288]  eta 37m  budget 45m
step     600  loss 0.8304  bpc 1.1980 (plain 1.1999)  lr 5.00e-04  |g| 0.32  rate [0.208, 0.118, 0.166, 0.285]  eta 37m  budget 44m
step     700  loss 0.8276  bpc 1.1940 (plain 1.1985)  lr 5.00e-04  |g| 0.34  rate [0.207, 0.118, 0.165, 0.284]  eta 37m  budget 44m
step     800  loss 0.7382  bpc 1.0649 (plain 1.1152)  lr 4.99e-04  |g| 0.29  rate [0.207, 0.118, 0.165, 0.281]  eta 36m  budget 44m
step     900  loss 0.7945  bpc 1.1463 (plain 1.1479)  lr 4.99e-04  |g| 0.29  rate [0.207, 0.117, 0.166, 0.289]  eta 36m  budget 44m
step    1000  loss 0.7783  bpc 1.1229 (plain 1.1321)  lr 4.98e-04  |g| 0.26  rate [0.207, 0.117, 0.165, 0.285]  eta 36m  budget 43m
step    1100  loss 0.8246  bpc 1.1896 (plain 1.2159)  lr 4.98e-04  |g| 0.31  rate [0.207, 0.118, 0.167, 0.284]  eta 36m  budget 43m
step    1200  loss 0.8091  bpc 1.1673 (plain 1.1652)  lr 4.97e-04  |g| 0.30  rate [0.207, 0.118, 0.166, 0.285]  eta 35m  budget 43m
step    1300  loss 0.7578  bpc 1.0933 (plain 1.1094)  lr 4.96e-04  |g| 0.28  rate [0.207, 0.117, 0.166, 0.288]  eta 35m  budget 42m
step    1400  loss 0.8159  bpc 1.1771 (plain 1.1801)  lr 4.95e-04  |g| 0.31  rate [0.207, 0.116, 0.166, 0.288]  eta 35m  budget 42m
step    1500  loss 0.7852  bpc 1.1329 (plain 1.1485)  lr 4.94e-04  |g| 0.31  rate [0.207, 0.117, 0.166, 0.287]  eta 35m  budget 42m
step    1600  loss 0.7371  bpc 1.0635 (plain 1.0819)  lr 4.92e-04  |g| 0.29  rate [0.207, 0.118, 0.167, 0.295]  eta 34m  budget 42m
step    1700  loss 0.7450  bpc 1.0749 (plain 1.1075)  lr 4.91e-04  |g| 0.26  rate [0.208, 0.119, 0.167, 0.292]  eta 34m  budget 41m
step    1800  loss 0.7905  bpc 1.1404 (plain 1.1348)  lr 4.89e-04  |g| 0.33  rate [0.207, 0.117, 0.166, 0.284]  eta 34m  budget 41m
step    1900  loss 0.7552  bpc 1.0895 (plain 1.1082)  lr 4.88e-04  |g| 0.28  rate [0.207, 0.118, 0.165, 0.290]  eta 33m  budget 41m
  eval step    2000  alpaca 1.6985  dolly 2.0041  oasst1 1.9136  persona 0.2861  soda 1.3455  stories_short 0.8792  tinystories 1.1616  weighted 1.2890
    ['hello'] -> 'Hello! What would you like to talk about?'
    ['tell me a story about a dog'] -> 'Once upon a time, there was a powerful dog named Spot. Spot loved to play with his friends in the park. One day, Spot found a big piece of paper. He was so happy to have fun to be'
step    2000  loss 0.8090  bpc 1.1671 (plain 1.1714)  lr 4.86e-04  |g| 0.28  rate [0.207, 0.118, 0.168, 0.288]  eta 34m  budget 40m
step    2100  loss 0.7934  bpc 1.1447 (plain 1.1897)  lr 4.84e-04  |g| 0.27  rate [0.206, 0.117, 0.167, 0.289]  eta 33m  budget 40m
step    2200  loss 0.8161  bpc 1.1773 (plain 1.1693)  lr 4.82e-04  |g| 0.29  rate [0.207, 0.118, 0.166, 0.284]  eta 33m  budget 40m
step    2300  loss 0.7753  bpc 1.1186 (plain 1.1533)  lr 4.79e-04  |g| 0.27  rate [0.207, 0.118, 0.167, 0.290]  eta 33m  budget 40m
step    2400  loss 0.8054  bpc 1.1619 (plain 1.1818)  lr 4.77e-04  |g| 0.30  rate [0.207, 0.118, 0.168, 0.286]  eta 33m  budget 39m
step    2500  loss 0.7773  bpc 1.1214 (plain 1.1518)  lr 4.75e-04  |g| 0.31  rate [0.207, 0.118, 0.168, 0.291]  eta 32m  budget 39m
step    2600  loss 0.7302  bpc 1.0534 (plain 1.0901)  lr 4.72e-04  |g| 0.26  rate [0.206, 0.118, 0.165, 0.293]  eta 32m  budget 39m
step    2700  loss 0.8466  bpc 1.2214 (plain 1.2299)  lr 4.70e-04  |g| 0.32  rate [0.207, 0.118, 0.169, 0.288]  eta 32m  budget 38m
step    2800  loss 0.8347  bpc 1.2042 (plain 1.2281)  lr 4.67e-04  |g| 0.31  rate [0.207, 0.117, 0.168, 0.283]  eta 31m  budget 38m
step    2900  loss 0.7510  bpc 1.0834 (plain 1.1079)  lr 4.64e-04  |g| 0.30  rate [0.206, 0.119, 0.167, 0.294]  eta 31m  budget 38m
step    3000  loss 0.8034  bpc 1.1591 (plain 1.1536)  lr 4.61e-04  |g| 0.29  rate [0.207, 0.118, 0.166, 0.289]  eta 31m  budget 38m
step    3100  loss 0.7834  bpc 1.1302 (plain 1.1577)  lr 4.58e-04  |g| 0.30  rate [0.207, 0.118, 0.168, 0.288]  eta 30m  budget 37m
step    3200  loss 0.8086  bpc 1.1665 (plain 1.1687)  lr 4.55e-04  |g| 0.33  rate [0.206, 0.118, 0.166, 0.286]  eta 30m  budget 37m
step    3300  loss 0.7490  bpc 1.0806 (plain 1.1190)  lr 4.51e-04  |g| 0.24  rate [0.207, 0.118, 0.166, 0.289]  eta 30m  budget 37m
step    3400  loss 0.7649  bpc 1.1035 (plain 1.1372)  lr 4.48e-04  |g| 0.26  rate [0.207, 0.118, 0.166, 0.286]  eta 30m  budget 36m
step    3500  loss 0.7585  bpc 1.0942 (plain 1.1128)  lr 4.44e-04  |g| 0.27  rate [0.207, 0.119, 0.169, 0.287]  eta 29m  budget 36m
step    3600  loss 0.7391  bpc 1.0663 (plain 1.1060)  lr 4.41e-04  |g| 0.32  rate [0.207, 0.119, 0.169, 0.294]  eta 29m  budget 36m
step    3700  loss 0.8060  bpc 1.1628 (plain 1.1867)  lr 4.37e-04  |g| 0.33  rate [0.207, 0.119, 0.168, 0.289]  eta 29m  budget 36m
step    3800  loss 0.7645  bpc 1.1030 (plain 1.1134)  lr 4.33e-04  |g| 0.30  rate [0.207, 0.118, 0.168, 0.291]  eta 28m  budget 35m
step    3900  loss 0.7396  bpc 1.0670 (plain 1.1010)  lr 4.29e-04  |g| 0.32  rate [0.207, 0.118, 0.167, 0.288]  eta 28m  budget 35m
  eval step    4000  alpaca 1.6969  dolly 1.9923  oasst1 1.8978  persona 0.3078  soda 1.3882  stories_short 0.8731  tinystories 1.1663  weighted 1.2871
    ['hello'] -> 'Hello! What would you like to know?'
    ['tell me a story about a dog'] -> 'Once upon a time, there was a poor little dog named Spot. Spot loved to draw with his big red ball. He liked to play with his friends in the park.'
step    4000  loss 0.7573  bpc 1.0926 (plain 1.1047)  lr 4.25e-04  |g| 0.28  rate [0.207, 0.118, 0.167, 0.288]  eta 28m  budget 35m
step    4100  loss 0.7309  bpc 1.0545 (plain 1.0711)  lr 4.21e-04  |g| 0.29  rate [0.207, 0.119, 0.167, 0.291]  eta 28m  budget 34m
step    4200  loss 0.7488  bpc 1.0803 (plain 1.0906)  lr 4.17e-04  |g| 0.26  rate [0.206, 0.119, 0.169, 0.290]  eta 28m  budget 34m
step    4300  loss 0.6818  bpc 0.9836 (plain 1.0278)  lr 4.13e-04  |g| 0.25  rate [0.207, 0.118, 0.167, 0.291]  eta 27m  budget 34m
step    4400  loss 0.7640  bpc 1.1023 (plain 1.1192)  lr 4.09e-04  |g| 0.28  rate [0.206, 0.118, 0.168, 0.288]  eta 27m  budget 34m
step    4500  loss 0.7174  bpc 1.0350 (plain 1.0673)  lr 4.04e-04  |g| 0.26  rate [0.207, 0.119, 0.167, 0.291]  eta 27m  budget 33m
step    4600  loss 0.7683  bpc 1.1084 (plain 1.1237)  lr 4.00e-04  |g| 0.29  rate [0.207, 0.119, 0.167, 0.287]  eta 26m  budget 33m
step    4700  loss 0.7603  bpc 1.0968 (plain 1.1163)  lr 3.95e-04  |g| 0.31  rate [0.207, 0.119, 0.170, 0.291]  eta 26m  budget 33m
step    4800  loss 0.7603  bpc 1.0968 (plain 1.1198)  lr 3.91e-04  |g| 0.28  rate [0.207, 0.120, 0.169, 0.291]  eta 26m  budget 33m
step    4900  loss 0.7137  bpc 1.0297 (plain 1.0589)  lr 3.86e-04  |g| 0.26  rate [0.207, 0.119, 0.168, 0.296]  eta 26m  budget 32m
step    5000  loss 0.7190  bpc 1.0373 (plain 1.0650)  lr 3.81e-04  |g| 0.27  rate [0.207, 0.118, 0.168, 0.289]  eta 25m  budget 32m
step    5100  loss 0.8103  bpc 1.1691 (plain 1.1868)  lr 3.76e-04  |g| 0.36  rate [0.207, 0.120, 0.169, 0.289]  eta 25m  budget 32m
step    5200  loss 0.7264  bpc 1.0480 (plain 1.0535)  lr 3.72e-04  |g| 0.28  rate [0.207, 0.119, 0.169, 0.295]  eta 25m  budget 31m
step    5300  loss 0.7303  bpc 1.0536 (plain 1.0653)  lr 3.67e-04  |g| 0.29  rate [0.207, 0.119, 0.168, 0.294]  eta 24m  budget 31m
step    5400  loss 0.7496  bpc 1.0814 (plain 1.1171)  lr 3.62e-04  |g| 0.28  rate [0.207, 0.119, 0.169, 0.289]  eta 24m  budget 31m
step    5500  loss 0.7872  bpc 1.1357 (plain 1.1469)  lr 3.57e-04  |g| 0.29  rate [0.207, 0.119, 0.169, 0.289]  eta 24m  budget 31m
step    5600  loss 0.7836  bpc 1.1305 (plain 1.1632)  lr 3.51e-04  |g| 0.29  rate [0.207, 0.119, 0.169, 0.289]  eta 24m  budget 30m
step    5700  loss 0.7282  bpc 1.0505 (plain 1.0699)  lr 3.46e-04  |g| 0.29  rate [0.206, 0.120, 0.169, 0.290]  eta 23m  budget 30m
step    5800  loss 0.7762  bpc 1.1198 (plain 1.1481)  lr 3.41e-04  |g| 0.30  rate [0.207, 0.120, 0.170, 0.291]  eta 23m  budget 30m
step    5900  loss 0.7641  bpc 1.1024 (plain 1.1252)  lr 3.36e-04  |g| 0.44  rate [0.207, 0.120, 0.170, 0.291]  eta 23m  budget 29m
  eval step    6000  alpaca 1.6699  dolly 1.9690  oasst1 1.9160  persona 0.2860  soda 1.3903  stories_short 0.8588  tinystories 1.1583  weighted 1.2694
    ['hello'] -> 'Hi there. What can I do for you?'
    ['tell me a story about a dog'] -> 'Once upon a time, in a small town, there was a little girl named Lily. She loved to eat sweet and colorful leg sticks. One day, she found a big purple in her room. She picked it up'
step    6000  loss 0.7654  bpc 1.1042 (plain 1.1550)  lr 3.31e-04  |g| 0.29  rate [0.207, 0.119, 0.170, 0.290]  eta 22m  budget 29m
step    6100  loss 0.8089  bpc 1.1670 (plain 1.1646)  lr 3.25e-04  |g| 0.29  rate [0.208, 0.119, 0.170, 0.285]  eta 22m  budget 29m
step    6200  loss 0.7818  bpc 1.1280 (plain 1.1376)  lr 3.20e-04  |g| 0.35  rate [0.207, 0.120, 0.170, 0.290]  eta 22m  budget 29m
step    6300  loss 0.7279  bpc 1.0502 (plain 1.0890)  lr 3.15e-04  |g| 0.28  rate [0.207, 0.119, 0.170, 0.290]  eta 22m  budget 28m
step    6400  loss 0.7505  bpc 1.0827 (plain 1.1166)  lr 3.09e-04  |g| 0.27  rate [0.207, 0.120, 0.170, 0.292]  eta 21m  budget 28m
step    6500  loss 0.7110  bpc 1.0257 (plain 1.0565)  lr 3.04e-04  |g| 0.29  rate [0.207, 0.119, 0.170, 0.291]  eta 21m  budget 28m
step    6600  loss 0.6805  bpc 0.9817 (plain 1.0117)  lr 2.98e-04  |g| 0.25  rate [0.207, 0.120, 0.169, 0.293]  eta 21m  budget 27m
step    6700  loss 0.7621  bpc 1.0994 (plain 1.1232)  lr 2.93e-04  |g| 0.27  rate [0.207, 0.119, 0.171, 0.291]  eta 21m  budget 27m
step    6800  loss 0.7771  bpc 1.1211 (plain 1.1537)  lr 2.87e-04  |g| 0.30  rate [0.207, 0.119, 0.170, 0.290]  eta 20m  budget 27m
step    6900  loss 0.7497  bpc 1.0816 (plain 1.0988)  lr 2.82e-04  |g| 0.30  rate [0.208, 0.120, 0.171, 0.291]  eta 20m  budget 27m
step    7000  loss 0.7613  bpc 1.0984 (plain 1.1222)  lr 2.76e-04  |g| 0.26  rate [0.207, 0.120, 0.171, 0.291]  eta 20m  budget 26m
step    7100  loss 0.7507  bpc 1.0830 (plain 1.0818)  lr 2.71e-04  |g| 0.26  rate [0.207, 0.120, 0.170, 0.293]  eta 19m  budget 26m
step    7200  loss 0.7255  bpc 1.0467 (plain 1.0858)  lr 2.65e-04  |g| 0.27  rate [0.207, 0.120, 0.171, 0.294]  eta 19m  budget 26m
step    7300  loss 0.7156  bpc 1.0324 (plain 1.0671)  lr 2.60e-04  |g| 0.28  rate [0.207, 0.121, 0.171, 0.294]  eta 19m  budget 26m
step    7400  loss 0.7188  bpc 1.0371 (plain 1.0733)  lr 2.54e-04  |g| 0.26  rate [0.207, 0.120, 0.171, 0.294]  eta 19m  budget 25m
step    7500  loss 0.7381  bpc 1.0648 (plain 1.0852)  lr 2.49e-04  |g| 0.30  rate [0.206, 0.119, 0.171, 0.293]  eta 18m  budget 25m
step    7600  loss 0.7004  bpc 1.0105 (plain 1.0320)  lr 2.43e-04  |g| 0.28  rate [0.207, 0.120, 0.173, 0.293]  eta 18m  budget 25m
step    7700  loss 0.7274  bpc 1.0494 (plain 1.0647)  lr 2.38e-04  |g| 0.27  rate [0.207, 0.121, 0.171, 0.292]  eta 18m  budget 24m
step    7800  loss 0.7389  bpc 1.0660 (plain 1.0860)  lr 2.32e-04  |g| 0.27  rate [0.207, 0.121, 0.171, 0.291]  eta 17m  budget 24m
step    7900  loss 0.8166  bpc 1.1781 (plain 1.1913)  lr 2.27e-04  |g| 0.32  rate [0.208, 0.121, 0.174, 0.291]  eta 17m  budget 24m
  eval step    8000  alpaca 1.6501  dolly 1.9609  oasst1 1.8909  persona 0.2796  soda 1.3757  stories_short 0.8472  tinystories 1.1451  weighted 1.2551
    ['hello'] -> 'Hi! How are you doing today?'
    ['tell me a story about a dog'] -> 'Once upon a time, there was a fast dog named Spot. Spot loved to play outside in the sun. One day, Spot saw a big dog named Sam felt very happy. So, he wanted to say "On the stars'
step    8000  loss 0.7908  bpc 1.1409 (plain 1.1658)  lr 2.21e-04  |g| 0.27  rate [0.207, 0.120, 0.173, 0.290]  eta 17m  budget 23m
step    8100  loss 0.7151  bpc 1.0317 (plain 1.0466)  lr 2.16e-04  |g| 0.29  rate [0.207, 0.121, 0.172, 0.295]  eta 17m  budget 23m
step    8200  loss 0.7023  bpc 1.0132 (plain 1.0434)  lr 2.10e-04  |g| 0.26  rate [0.207, 0.120, 0.171, 0.291]  eta 16m  budget 23m
step    8300  loss 0.7646  bpc 1.1031 (plain 1.1041)  lr 2.05e-04  |g| 0.28  rate [0.207, 0.121, 0.172, 0.290]  eta 16m  budget 23m
step    8400  loss 0.7494  bpc 1.0811 (plain 1.1040)  lr 2.00e-04  |g| 0.29  rate [0.207, 0.121, 0.172, 0.293]  eta 16m  budget 22m
step    8500  loss 0.6810  bpc 0.9824 (plain 1.0256)  lr 1.94e-04  |g| 0.27  rate [0.207, 0.121, 0.171, 0.295]  eta 15m  budget 22m
step    8600  loss 0.7297  bpc 1.0527 (plain 1.0680)  lr 1.89e-04  |g| 0.26  rate [0.207, 0.121, 0.171, 0.291]  eta 15m  budget 22m
step    8700  loss 0.6844  bpc 0.9873 (plain 1.0413)  lr 1.84e-04  |g| 0.28  rate [0.208, 0.121, 0.173, 0.298]  eta 15m  budget 22m
step    8800  loss 0.7527  bpc 1.0859 (plain 1.1270)  lr 1.79e-04  |g| 0.29  rate [0.208, 0.121, 0.173, 0.293]  eta 15m  budget 21m
step    8900  loss 0.7555  bpc 1.0900 (plain 1.1004)  lr 1.74e-04  |g| 0.29  rate [0.208, 0.121, 0.173, 0.291]  eta 14m  budget 21m
step    9000  loss 0.7245  bpc 1.0452 (plain 1.0738)  lr 1.68e-04  |g| 0.26  rate [0.208, 0.122, 0.174, 0.292]  eta 14m  budget 21m
step    9100  loss 0.7676  bpc 1.1074 (plain 1.1246)  lr 1.63e-04  |g| 0.28  rate [0.208, 0.121, 0.174, 0.290]  eta 14m  budget 20m
step    9200  loss 0.7526  bpc 1.0858 (plain 1.1114)  lr 1.58e-04  |g| 0.28  rate [0.207, 0.121, 0.173, 0.292]  eta 13m  budget 20m
step    9300  loss 0.7125  bpc 1.0279 (plain 1.0466)  lr 1.53e-04  |g| 0.27  rate [0.207, 0.121, 0.174, 0.295]  eta 13m  budget 20m
step    9400  loss 0.7458  bpc 1.0759 (plain 1.0911)  lr 1.49e-04  |g| 0.29  rate [0.208, 0.121, 0.174, 0.296]  eta 13m  budget 20m
step    9500  loss 0.6985  bpc 1.0077 (plain 1.0285)  lr 1.44e-04  |g| 0.28  rate [0.207, 0.121, 0.173, 0.293]  eta 13m  budget 19m
step    9600  loss 0.7701  bpc 1.1110 (plain 1.1317)  lr 1.39e-04  |g| 0.26  rate [0.208, 0.121, 0.174, 0.291]  eta 12m  budget 19m
step    9700  loss 0.6856  bpc 0.9891 (plain 1.0431)  lr 1.34e-04  |g| 0.24  rate [0.208, 0.122, 0.173, 0.294]  eta 12m  budget 19m
step    9800  loss 0.7090  bpc 1.0229 (plain 1.0528)  lr 1.30e-04  |g| 0.25  rate [0.207, 0.122, 0.172, 0.293]  eta 12m  budget 18m
step    9900  loss 0.6934  bpc 1.0003 (plain 1.0096)  lr 1.25e-04  |g| 0.26  rate [0.208, 0.122, 0.173, 0.298]  eta 12m  budget 18m
  eval step   10000  alpaca 1.6376  dolly 1.9497  oasst1 1.8892  persona 0.2596  soda 1.3731  stories_short 0.8335  tinystories 1.1311  weighted 1.2424
    ['hello'] -> 'Hi there. What can I do for you?'
    ['tell me a story about a dog'] -> 'Once upon a time, there was a little girl named Lily. She loved to play outside in the sun. One day, she saw a big box of books. Lily was very sad. She wanted to touch it.'
step   10000  loss 0.7494  bpc 1.0812 (plain 1.1051)  lr 1.21e-04  |g| 0.27  rate [0.208, 0.122, 0.175, 0.293]  eta 11m  budget 18m
step   10100  loss 0.7384  bpc 1.0653 (plain 1.0747)  lr 1.16e-04  |g| 0.28  rate [0.208, 0.122, 0.174, 0.294]  eta 11m  budget 18m
step   10200  loss 0.7322  bpc 1.0564 (plain 1.0821)  lr 1.12e-04  |g| 0.27  rate [0.208, 0.121, 0.175, 0.291]  eta 11m  budget 17m
step   10300  loss 0.6997  bpc 1.0094 (plain 1.0422)  lr 1.08e-04  |g| 0.27  rate [0.208, 0.122, 0.174, 0.295]  eta 10m  budget 17m
step   10400  loss 0.7232  bpc 1.0434 (plain 1.0713)  lr 1.04e-04  |g| 0.27  rate [0.208, 0.121, 0.175, 0.293]  eta 10m  budget 17m
step   10500  loss 0.7055  bpc 1.0178 (plain 1.0381)  lr 9.95e-05  |g| 0.27  rate [0.208, 0.122, 0.174, 0.294]  eta 10m  budget 16m
step   10600  loss 0.7232  bpc 1.0434 (plain 1.0582)  lr 9.55e-05  |g| 0.27  rate [0.208, 0.121, 0.173, 0.296]  eta 10m  budget 16m
step   10700  loss 0.7619  bpc 1.0992 (plain 1.1259)  lr 9.17e-05  |g| 0.25  rate [0.208, 0.122, 0.175, 0.291]  eta 9m  budget 16m
step   10800  loss 0.7230  bpc 1.0430 (plain 1.0680)  lr 8.79e-05  |g| 0.26  rate [0.208, 0.122, 0.176, 0.295]  eta 9m  budget 16m
step   10900  loss 0.7380  bpc 1.0647 (plain 1.0746)  lr 8.42e-05  |g| 0.30  rate [0.208, 0.122, 0.176, 0.294]  eta 9m  budget 15m
step   11000  loss 0.7486  bpc 1.0800 (plain 1.1034)  lr 8.06e-05  |g| 0.26  rate [0.208, 0.122, 0.175, 0.291]  eta 8m  budget 15m
step   11100  loss 0.7282  bpc 1.0506 (plain 1.0686)  lr 7.71e-05  |g| 0.27  rate [0.208, 0.122, 0.175, 0.295]  eta 8m  budget 15m
step   11200  loss 0.7090  bpc 1.0229 (plain 1.0515)  lr 7.37e-05  |g| 0.27  rate [0.208, 0.122, 0.174, 0.295]  eta 8m  budget 15m
step   11300  loss 0.7007  bpc 1.0109 (plain 1.0294)  lr 7.04e-05  |g| 0.25  rate [0.208, 0.122, 0.175, 0.296]  eta 8m  budget 14m
step   11400  loss 0.7206  bpc 1.0397 (plain 1.0626)  lr 6.72e-05  |g| 0.24  rate [0.208, 0.122, 0.175, 0.293]  eta 7m  budget 14m
step   11500  loss 0.7013  bpc 1.0118 (plain 1.0161)  lr 6.41e-05  |g| 0.25  rate [0.208, 0.122, 0.176, 0.293]  eta 7m  budget 14m
step   11600  loss 0.6859  bpc 0.9895 (plain 1.0410)  lr 6.11e-05  |g| 0.26  rate [0.208, 0.122, 0.175, 0.294]  eta 7m  budget 13m
step   11700  loss 0.7305  bpc 1.0539 (plain 1.0743)  lr 5.82e-05  |g| 0.25  rate [0.208, 0.122, 0.176, 0.294]  eta 6m  budget 13m
step   11800  loss 0.7010  bpc 1.0113 (plain 1.0287)  lr 5.55e-05  |g| 0.24  rate [0.208, 0.122, 0.175, 0.294]  eta 6m  budget 13m
step   11900  loss 0.7464  bpc 1.0769 (plain 1.1118)  lr 5.28e-05  |g| 0.25  rate [0.208, 0.122, 0.176, 0.291]  eta 6m  budget 13m
  eval step   12000  alpaca 1.6199  dolly 1.9412  oasst1 1.8932  persona 0.2518  soda 1.3614  stories_short 0.8247  tinystories 1.1243  weighted 1.2313
    ['hello'] -> 'Hi there! How can I help you today?'
    ['tell me a story about a dog'] -> 'One day, a cat and a dog were in the woods. They liked to play with a ball. The cat was very big and had many colors. The cat was very happy.'
step   12000  loss 0.6937  bpc 1.0009 (plain 1.0220)  lr 5.03e-05  |g| 0.25  rate [0.207, 0.122, 0.174, 0.293]  eta 6m  budget 12m
step   12100  loss 0.7033  bpc 1.0147 (plain 1.0478)  lr 4.78e-05  |g| 0.25  rate [0.208, 0.122, 0.175, 0.294]  eta 5m  budget 12m
step   12200  loss 0.6649  bpc 0.9593 (plain 0.9879)  lr 4.55e-05  |g| 0.23  rate [0.208, 0.122, 0.175, 0.296]  eta 5m  budget 12m
step   12300  loss 0.7212  bpc 1.0404 (plain 1.0638)  lr 4.33e-05  |g| 0.24  rate [0.209, 0.123, 0.176, 0.294]  eta 5m  budget 11m
step   12400  loss 0.6878  bpc 0.9923 (plain 1.0542)  lr 4.13e-05  |g| 0.24  rate [0.208, 0.123, 0.176, 0.295]  eta 4m  budget 11m
step   12500  loss 0.7112  bpc 1.0260 (plain 1.0535)  lr 3.93e-05  |g| 1.00  rate [0.209, 0.123, 0.176, 0.296]  eta 4m  budget 11m
step   12600  loss 0.7547  bpc 1.0888 (plain 1.1085)  lr 3.75e-05  |g| 0.26  rate [0.209, 0.123, 0.176, 0.293]  eta 4m  budget 11m
step   12700  loss 0.6751  bpc 0.9740 (plain 0.9906)  lr 3.58e-05  |g| 0.24  rate [0.208, 0.123, 0.175, 0.295]  eta 4m  budget 10m
step   12800  loss 0.7548  bpc 1.0889 (plain 1.1057)  lr 3.42e-05  |g| 0.27  rate [0.209, 0.123, 0.176, 0.292]  eta 3m  budget 10m
step   12900  loss 0.7320  bpc 1.0560 (plain 1.0793)  lr 3.27e-05  |g| 0.24  rate [0.208, 0.122, 0.176, 0.292]  eta 3m  budget 10m
step   13000  loss 0.7373  bpc 1.0638 (plain 1.0876)  lr 3.14e-05  |g| 0.24  rate [0.208, 0.123, 0.177, 0.292]  eta 3m  budget 9m
step   13100  loss 0.6900  bpc 0.9954 (plain 1.0204)  lr 3.02e-05  |g| 0.23  rate [0.208, 0.123, 0.175, 0.295]  eta 3m  budget 9m
step   13200  loss 0.7321  bpc 1.0562 (plain 1.0710)  lr 2.91e-05  |g| 0.25  rate [0.208, 0.123, 0.177, 0.295]  eta 2m  budget 9m
step   13300  loss 0.6999  bpc 1.0097 (plain 1.0443)  lr 2.81e-05  |g| 0.23  rate [0.208, 0.123, 0.176, 0.295]  eta 2m  budget 9m
step   13400  loss 0.6897  bpc 0.9951 (plain 1.0307)  lr 2.73e-05  |g| 0.23  rate [0.209, 0.123, 0.176, 0.296]  eta 2m  budget 8m
step   13500  loss 0.6669  bpc 0.9621 (plain 1.0125)  lr 2.66e-05  |g| 0.23  rate [0.208, 0.122, 0.175, 0.296]  eta 1m  budget 8m
step   13600  loss 0.7043  bpc 1.0161 (plain 1.0387)  lr 2.60e-05  |g| 0.24  rate [0.208, 0.123, 0.175, 0.294]  eta 1m  budget 8m
step   13700  loss 0.6507  bpc 0.9388 (plain 0.9719)  lr 2.56e-05  |g| 0.22  rate [0.208, 0.123, 0.175, 0.296]  eta 1m  budget 8m
step   13800  loss 0.6942  bpc 1.0014 (plain 1.0250)  lr 2.53e-05  |g| 0.25  rate [0.208, 0.122, 0.177, 0.293]  eta 1m  budget 7m
step   13900  loss 0.6782  bpc 0.9785 (plain 1.0138)  lr 2.51e-05  |g| 0.23  rate [0.208, 0.123, 0.176, 0.297]  eta 0m  budget 7m
  eval step   14000  alpaca 1.6200  dolly 1.9437  oasst1 1.8874  persona 0.2539  soda 1.3583  stories_short 0.8216  tinystories 1.1207  weighted 1.2299
    ['hello'] -> 'Hello there, what can I add it for a natural language?'
    ['tell me a story about a dog'] -> 'One day, a little dog named Max went to the park. He saw a little fish with a big sail in the sky. The cat was very happy. Max loved to play and run around the house.'
  eval step   14000  alpaca 1.6200  dolly 1.9437  oasst1 1.8874  persona 0.2539  soda 1.3583  stories_short 0.8216  tinystories 1.1207  weighted 1.2299
