
=== launch 2026-08-07T10:11:13 === C:\Users\Ellio\AppData\Local\Programs\Python\Python314\python.exe -u C:\Elliot's Stuff\SNN\Text SNN\scripts\chat\session7_driver.py
[2026-08-07 10:11:13] SESSION7_START 5 runs planned
[2026-08-07 10:11:13] TRAIN_START chat-v3d-aligned-s1 seed=1
[2026-08-07 10:11:13]   cmd: C:\Users\Ellio\AppData\Local\Programs\Python\Python314\python.exe -u scripts/chat/train.py --run-name chat-v3d-aligned-s1 --seed 1 --out-dir experiments/chat --init-from experiments/chat/chat-v2-anneal/ckpt_best.pt --no-resume --max-steps 14000 --batch-size 160 --seq-len 256 --lr 5e-4 --bot-loss-weight 3.0 --align-frac 0.75 --align-lookahead 1024 --budget-minutes 75 --warmup-steps 200 --mix stories_topic=0.40 soda=0.20 alpaca=0.15 tinystories=0.09 persona=0.08 dolly=0.06 oasst1=0.02
[2026-08-07 10:11:20] TRAIN_FAILED chat-v3d-aligned-s1 rc=3221225786
[2026-08-07 10:11:20]   skipping eval for chat-v3d-aligned-s1 (training did not complete cleanly)
[2026-08-07 10:11:20] TRAIN_START chat-v3d-aligned-s2 seed=2
[2026-08-07 10:11:20]   cmd: C:\Users\Ellio\AppData\Local\Programs\Python\Python314\python.exe -u scripts/chat/train.py --run-name chat-v3d-aligned-s2 --seed 2 --out-dir experiments/chat --init-from experiments/chat/chat-v2-anneal/ckpt_best.pt --no-resume --max-steps 14000 --batch-size 160 --seq-len 256 --lr 5e-4 --bot-loss-weight 3.0 --align-frac 0.75 --align-lookahead 1024 --budget-minutes 75 --warmup-steps 200 --mix stories_topic=0.40 soda=0.20 alpaca=0.15 tinystories=0.09 persona=0.08 dolly=0.06 oasst1=0.02
[2026-08-07 10:51:31] TRAIN_DONE chat-v3d-aligned-s2
[2026-08-07 10:51:31] EVAL_START chat-v3d-aligned-s2
[2026-08-07 10:53:50] EVAL_DONE chat-v3d-aligned-s2
[2026-08-07 10:53:50] TRAIN_START chat-v3d-aligned-s3 seed=3
[2026-08-07 10:53:50]   cmd: C:\Users\Ellio\AppData\Local\Programs\Python\Python314\python.exe -u scripts/chat/train.py --run-name chat-v3d-aligned-s3 --seed 3 --out-dir experiments/chat --init-from experiments/chat/chat-v2-anneal/ckpt_best.pt --no-resume --max-steps 14000 --batch-size 160 --seq-len 256 --lr 5e-4 --bot-loss-weight 3.0 --align-frac 0.75 --align-lookahead 1024 --budget-minutes 75 --warmup-steps 200 --mix stories_topic=0.40 soda=0.20 alpaca=0.15 tinystories=0.09 persona=0.08 dolly=0.06 oasst1=0.02
[2026-08-07 11:33:34] TRAIN_DONE chat-v3d-aligned-s3
[2026-08-07 11:33:34] EVAL_START chat-v3d-aligned-s3
[2026-08-07 11:35:54] EVAL_DONE chat-v3d-aligned-s3
[2026-08-07 11:35:54] TRAIN_START chat-v6-inst-a-s2 seed=2
[2026-08-07 11:35:54]   cmd: C:\Users\Ellio\AppData\Local\Programs\Python\Python314\python.exe -u scripts/chat/train.py --run-name chat-v6-inst-a-s2 --seed 2 --out-dir experiments/chat --init-from experiments/chat/chat-v2-anneal/ckpt_best.pt --no-resume --max-steps 14000 --batch-size 160 --seq-len 256 --lr 5e-4 --bot-loss-weight 3.0 --align-frac 0.75 --align-lookahead 1024 --budget-minutes 75 --mix stories_short=0.40 soda=0.07 alpaca=0.26 tinystories=0.09 persona=0.08 dolly=0.08 oasst1=0.02
[2026-08-07 12:15:32] TRAIN_DONE chat-v6-inst-a-s2
[2026-08-07 12:15:32] EVAL_START chat-v6-inst-a-s2
[2026-08-07 12:17:32] EVAL_DONE chat-v6-inst-a-s2
[2026-08-07 12:17:32] TRAIN_START chat-v6-inst-a-s3 seed=3
[2026-08-07 12:17:32]   cmd: C:\Users\Ellio\AppData\Local\Programs\Python\Python314\python.exe -u scripts/chat/train.py --run-name chat-v6-inst-a-s3 --seed 3 --out-dir experiments/chat --init-from experiments/chat/chat-v2-anneal/ckpt_best.pt --no-resume --max-steps 14000 --batch-size 160 --seq-len 256 --lr 5e-4 --bot-loss-weight 3.0 --align-frac 0.75 --align-lookahead 1024 --budget-minutes 75 --mix stories_short=0.40 soda=0.07 alpaca=0.26 tinystories=0.09 persona=0.08 dolly=0.08 oasst1=0.02
[2026-08-07 12:57:11] TRAIN_DONE chat-v6-inst-a-s3
[2026-08-07 12:57:11] EVAL_START chat-v6-inst-a-s3
[2026-08-07 12:59:18] EVAL_DONE chat-v6-inst-a-s3
[2026-08-07 12:59:18] SESSION7_ALL_DONE 4/5 runs trained and scored
