chat run 'chat-v13-det'
  arch twocomp_threshold_detach, d=1024, K=4, V=101 -> 4,417,637 parameters
  B=160, L=256, 14,000 steps = 0.57 G characters
  mix {'stories_topic': 0.4, 'soda': 0.2, 'alpaca': 0.15, 'tinystories': 0.09, 'persona': 0.08, 'dolly': 0.06, 'oasst1': 0.02}
  4,417,637 params, d=1024, K=4, V=101
  weight decay 0.1 on all but 16,485 neuron parameters (beta_s_raw, w, thr_log, biases)
  bot loss weight 3, 75% of windows aligned to a conversation start
  mix: alpaca 15%, dolly 6%, oasst1 2%, persona 8%, soda 20%, stories_topic 40%, tinystories 9%
  slow-pole tau: 3.0 .. 600.0 (median 42.3) characters
  initialised weights from experiments/chat/chat-v2-anneal/ckpt_best.pt (step 7874); optimiser and step start fresh
  graph captured in 0.27s
step       0  loss 0.6764  bpc 0.9758 (plain 1.0271)  lr 2.50e-06  |g| 0.27  rate [0.208, 0.119, 0.167, 0.291]
step     100  loss 0.6848  bpc 0.9880 (plain 1.0179)  lr 2.53e-04  |g| 0.29  rate [0.208, 0.119, 0.167, 0.292]  eta 38m  budget 75m
step     200  loss 0.7664  bpc 1.1057 (plain 1.1231)  lr 5.00e-04  |g| 0.36  rate [0.208, 0.118, 0.167, 0.289]  eta 38m  budget 74m
step     300  loss 0.7694  bpc 1.1100 (plain 1.1423)  lr 5.00e-04  |g| 0.32  rate [0.207, 0.117, 0.165, 0.287]  eta 37m  budget 74m
step     400  loss 0.7827  bpc 1.1292 (plain 1.1619)  lr 5.00e-04  |g| 0.37  rate [0.206, 0.117, 0.165, 0.287]  eta 37m  budget 74m
step     500  loss 0.7511  bpc 1.0836 (plain 1.1221)  lr 4.99e-04  |g| 0.35  rate [0.207, 0.117, 0.162, 0.289]  eta 37m  budget 74m
step     600  loss 0.7769  bpc 1.1208 (plain 1.1472)  lr 4.99e-04  |g| 0.32  rate [0.207, 0.118, 0.165, 0.285]  eta 36m  budget 73m
step     700  loss 0.7935  bpc 1.1448 (plain 1.1709)  lr 4.98e-04  |g| 0.39  rate [0.207, 0.116, 0.165, 0.284]  eta 36m  budget 73m
step     800  loss 0.7211  bpc 1.0404 (plain 1.0789)  lr 4.98e-04  |g| 0.37  rate [0.206, 0.116, 0.163, 0.286]  eta 36m  budget 73m
step     900  loss 0.7109  bpc 1.0257 (plain 1.0589)  lr 4.97e-04  |g| 0.34  rate [0.207, 0.117, 0.163, 0.287]  eta 36m  budget 73m
step    1000  loss 0.7139  bpc 1.0299 (plain 1.0624)  lr 4.96e-04  |g| 0.33  rate [0.206, 0.116, 0.162, 0.290]  eta 35m  budget 72m
step    1100  loss 0.7182  bpc 1.0362 (plain 1.0867)  lr 4.95e-04  |g| 0.31  rate [0.207, 0.116, 0.163, 0.287]  eta 35m  budget 72m
step    1200  loss 0.6863  bpc 0.9901 (plain 1.0260)  lr 4.94e-04  |g| 0.37  rate [0.207, 0.117, 0.163, 0.293]  eta 35m  budget 72m
step    1300  loss 0.7461  bpc 1.0764 (plain 1.1063)  lr 4.93e-04  |g| 0.35  rate [0.206, 0.118, 0.164, 0.292]  eta 35m  budget 71m
step    1400  loss 0.7573  bpc 1.0925 (plain 1.1215)  lr 4.91e-04  |g| 0.36  rate [0.206, 0.116, 0.163, 0.289]  eta 34m  budget 71m
step    1500  loss 0.7192  bpc 1.0376 (plain 1.0838)  lr 4.90e-04  |g| 0.28  rate [0.207, 0.116, 0.162, 0.290]  eta 34m  budget 71m
step    1600  loss 0.7037  bpc 1.0153 (plain 1.0609)  lr 4.88e-04  |g| 0.32  rate [0.206, 0.117, 0.163, 0.291]  eta 34m  budget 71m
step    1700  loss 0.7750  bpc 1.1180 (plain 1.1315)  lr 4.86e-04  |g| 0.33  rate [0.206, 0.117, 0.164, 0.288]  eta 33m  budget 70m
step    1800  loss 0.7823  bpc 1.1286 (plain 1.1458)  lr 4.84e-04  |g| 0.34  rate [0.206, 0.117, 0.162, 0.289]  eta 33m  budget 70m
step    1900  loss 0.6992  bpc 1.0087 (plain 1.0568)  lr 4.82e-04  |g| 0.31  rate [0.206, 0.116, 0.165, 0.290]  eta 33m  budget 70m
  eval step    2000  alpaca 1.7624  dolly 2.0288  oasst1 1.9162  persona 0.2726  soda 1.2552  stories_topic 1.1066  tinystories 1.1141  weighted 1.2402
    ['hello'] -> 'Hello! What would you like to know?'
    ['tell me a story about a dog'] -> 'Once upon a time, there was a little girl named Sue. Sue loved to play outside and play. One day, her mom said, "Tom, let\'s touch it back to the park." Sue said, "Yes, let\'s play t'
step    2000  loss 0.7321  bpc 1.0561 (plain 1.1019)  lr 4.80e-04  |g| 0.32  rate [0.206, 0.117, 0.162, 0.289]  eta 33m  budget 69m
step    2100  loss 0.7095  bpc 1.0236 (plain 1.0794)  lr 4.78e-04  |g| 0.31  rate [0.207, 0.115, 0.162, 0.290]  eta 33m  budget 69m
step    2200  loss 0.7265  bpc 1.0481 (plain 1.0876)  lr 4.76e-04  |g| 0.32  rate [0.207, 0.117, 0.163, 0.288]  eta 33m  budget 69m
step    2300  loss 0.7308  bpc 1.0543 (plain 1.0981)  lr 4.73e-04  |g| 0.29  rate [0.206, 0.117, 0.162, 0.285]  eta 32m  budget 69m
step    2400  loss 0.6802  bpc 0.9813 (plain 1.0308)  lr 4.71e-04  |g| 0.29  rate [0.207, 0.115, 0.162, 0.291]  eta 32m  budget 68m
step    2500  loss 0.6987  bpc 1.0080 (plain 1.0690)  lr 4.68e-04  |g| 0.31  rate [0.207, 0.116, 0.163, 0.287]  eta 32m  budget 68m
step    2600  loss 0.7213  bpc 1.0406 (plain 1.0845)  lr 4.65e-04  |g| 0.33  rate [0.206, 0.116, 0.163, 0.293]  eta 31m  budget 68m
step    2700  loss 0.7736  bpc 1.1161 (plain 1.1699)  lr 4.63e-04  |g| 0.33  rate [0.207, 0.117, 0.164, 0.290]  eta 31m  budget 68m
step    2800  loss 0.7677  bpc 1.1076 (plain 1.1439)  lr 4.60e-04  |g| 0.33  rate [0.206, 0.116, 0.163, 0.285]  eta 31m  budget 67m
step    2900  loss 0.7143  bpc 1.0306 (plain 1.0680)  lr 4.57e-04  |g| 0.33  rate [0.206, 0.117, 0.163, 0.290]  eta 31m  budget 67m
step    3000  loss 0.7220  bpc 1.0416 (plain 1.0703)  lr 4.53e-04  |g| 0.31  rate [0.207, 0.116, 0.164, 0.291]  eta 30m  budget 67m
step    3100  loss 0.7181  bpc 1.0360 (plain 1.0799)  lr 4.50e-04  |g| 0.29  rate [0.207, 0.117, 0.163, 0.288]  eta 30m  budget 66m
step    3200  loss 0.7361  bpc 1.0620 (plain 1.0781)  lr 4.47e-04  |g| 0.33  rate [0.206, 0.117, 0.162, 0.287]  eta 30m  budget 66m
step    3300  loss 0.7321  bpc 1.0562 (plain 1.0827)  lr 4.43e-04  |g| 0.32  rate [0.206, 0.116, 0.162, 0.289]  eta 29m  budget 66m
step    3400  loss 0.7330  bpc 1.0576 (plain 1.0692)  lr 4.40e-04  |g| 0.32  rate [0.206, 0.117, 0.162, 0.286]  eta 29m  budget 66m
step    3500  loss 0.7112  bpc 1.0260 (plain 1.0655)  lr 4.36e-04  |g| 0.31  rate [0.207, 0.116, 0.163, 0.290]  eta 29m  budget 65m
step    3600  loss 0.7096  bpc 1.0238 (plain 1.0777)  lr 4.32e-04  |g| 0.31  rate [0.207, 0.116, 0.164, 0.285]  eta 29m  budget 65m
step    3700  loss 0.7707  bpc 1.1118 (plain 1.1352)  lr 4.29e-04  |g| 0.32  rate [0.206, 0.117, 0.165, 0.288]  eta 28m  budget 65m
step    3800  loss 0.7349  bpc 1.0602 (plain 1.0946)  lr 4.25e-04  |g| 0.33  rate [0.207, 0.117, 0.164, 0.290]  eta 28m  budget 65m
step    3900  loss 0.7148  bpc 1.0313 (plain 1.0634)  lr 4.21e-04  |g| 0.31  rate [0.206, 0.117, 0.163, 0.282]  eta 28m  budget 64m
  eval step    4000  alpaca 1.7610  dolly 2.0181  oasst1 1.9104  persona 0.2649  soda 1.2500  stories_topic 1.1004  tinystories 1.1087  weighted 1.2346
    ['hello'] -> 'Hello. Ask me something, or ask me for a story.'
    ['tell me a story about a dog'] -> 'Once upon a time, in a small house, there lived a girl named Amy. She had a note of her body. The loved to play with her toys and see what it was the fastest. One day, Amy went to'
step    4000  loss 0.7288  bpc 1.0515 (plain 1.0894)  lr 4.17e-04  |g| 0.28  rate [0.206, 0.116, 0.162, 0.285]  eta 28m  budget 64m
step    4100  loss 0.6996  bpc 1.0093 (plain 1.0402)  lr 4.12e-04  |g| 0.30  rate [0.207, 0.116, 0.163, 0.290]  eta 27m  budget 64m
step    4200  loss 0.7539  bpc 1.0877 (plain 1.1065)  lr 4.08e-04  |g| 0.32  rate [0.206, 0.116, 0.163, 0.289]  eta 27m  budget 63m
step    4300  loss 0.6465  bpc 0.9327 (plain 0.9993)  lr 4.04e-04  |g| 0.28  rate [0.206, 0.117, 0.163, 0.292]  eta 27m  budget 63m
step    4400  loss 0.6794  bpc 0.9802 (plain 1.0094)  lr 3.99e-04  |g| 0.30  rate [0.207, 0.117, 0.164, 0.293]  eta 26m  budget 63m
step    4500  loss 0.7430  bpc 1.0719 (plain 1.1258)  lr 3.95e-04  |g| 0.31  rate [0.206, 0.117, 0.163, 0.288]  eta 26m  budget 63m
step    4600  loss 0.7313  bpc 1.0550 (plain 1.0852)  lr 3.90e-04  |g| 0.30  rate [0.207, 0.117, 0.163, 0.289]  eta 26m  budget 62m
step    4700  loss 0.7383  bpc 1.0651 (plain 1.0841)  lr 3.86e-04  |g| 0.34  rate [0.207, 0.117, 0.163, 0.283]  eta 26m  budget 62m
step    4800  loss 0.7179  bpc 1.0357 (plain 1.0838)  lr 3.81e-04  |g| 0.28  rate [0.207, 0.117, 0.163, 0.290]  eta 25m  budget 62m
step    4900  loss 0.7179  bpc 1.0357 (plain 1.0769)  lr 3.77e-04  |g| 0.27  rate [0.206, 0.117, 0.163, 0.289]  eta 25m  budget 62m
step    5000  loss 0.6749  bpc 0.9736 (plain 1.0217)  lr 3.72e-04  |g| 0.30  rate [0.207, 0.118, 0.164, 0.293]  eta 25m  budget 61m
step    5100  loss 0.7575  bpc 1.0928 (plain 1.1169)  lr 3.67e-04  |g| 0.32  rate [0.207, 0.117, 0.166, 0.288]  eta 24m  budget 61m
step    5200  loss 0.7204  bpc 1.0393 (plain 1.0737)  lr 3.62e-04  |g| 0.29  rate [0.207, 0.117, 0.163, 0.287]  eta 24m  budget 61m
step    5300  loss 0.6342  bpc 0.9150 (plain 0.9659)  lr 3.57e-04  |g| 0.28  rate [0.207, 0.118, 0.164, 0.294]  eta 24m  budget 60m
step    5400  loss 0.6893  bpc 0.9944 (plain 1.0583)  lr 3.52e-04  |g| 0.31  rate [0.206, 0.117, 0.162, 0.290]  eta 24m  budget 60m
step    5500  loss 0.7361  bpc 1.0619 (plain 1.0967)  lr 3.47e-04  |g| 0.35  rate [0.207, 0.118, 0.165, 0.289]  eta 23m  budget 60m
step    5600  loss 0.6756  bpc 0.9748 (plain 1.0340)  lr 3.42e-04  |g| 0.32  rate [0.207, 0.117, 0.163, 0.287]  eta 23m  budget 60m
step    5700  loss 0.6965  bpc 1.0048 (plain 1.0308)  lr 3.37e-04  |g| 0.30  rate [0.207, 0.116, 0.164, 0.288]  eta 23m  budget 59m
step    5800  loss 0.7264  bpc 1.0479 (plain 1.0974)  lr 3.32e-04  |g| 0.31  rate [0.207, 0.117, 0.165, 0.286]  eta 23m  budget 59m
step    5900  loss 0.6866  bpc 0.9905 (plain 1.0425)  lr 3.27e-04  |g| 0.27  rate [0.207, 0.118, 0.164, 0.291]  eta 22m  budget 59m
  eval step    6000  alpaca 1.7400  dolly 2.0235  oasst1 1.9097  persona 0.2536  soda 1.2479  stories_topic 1.0883  tinystories 1.0948  weighted 1.2244
    ['hello'] -> 'Hello! What would you like to talk about?'
    ['tell me a story about a dog'] -> 'Once upon a time, in a small town, there was a pretty pot. The town loved to play with it. One day, a boy named Tim found a big shirt in the ground. He did not know what to do, but'
step    6000  loss 0.7293  bpc 1.0521 (plain 1.1016)  lr 3.21e-04  |g| 0.31  rate [0.207, 0.117, 0.165, 0.290]  eta 22m  budget 58m
step    6100  loss 0.6932  bpc 1.0001 (plain 1.0425)  lr 3.16e-04  |g| 0.29  rate [0.207, 0.118, 0.164, 0.290]  eta 22m  budget 58m
step    6200  loss 0.7536  bpc 1.0871 (plain 1.1146)  lr 3.11e-04  |g| 0.28  rate [0.206, 0.117, 0.164, 0.284]  eta 22m  budget 58m
step    6300  loss 0.6926  bpc 0.9992 (plain 1.0608)  lr 3.06e-04  |g| 0.30  rate [0.206, 0.118, 0.165, 0.290]  eta 21m  budget 58m
step    6400  loss 0.7484  bpc 1.0796 (plain 1.1215)  lr 3.00e-04  |g| 0.29  rate [0.207, 0.117, 0.164, 0.287]  eta 21m  budget 57m
step    6500  loss 0.6740  bpc 0.9723 (plain 1.0216)  lr 2.95e-04  |g| 0.29  rate [0.207, 0.118, 0.164, 0.289]  eta 21m  budget 57m
step    6600  loss 0.7098  bpc 1.0240 (plain 1.0742)  lr 2.89e-04  |g| 0.27  rate [0.206, 0.118, 0.164, 0.287]  eta 20m  budget 57m
step    6700  loss 0.7066  bpc 1.0194 (plain 1.0615)  lr 2.84e-04  |g| 0.29  rate [0.207, 0.117, 0.164, 0.288]  eta 20m  budget 57m
step    6800  loss 0.7276  bpc 1.0498 (plain 1.0862)  lr 2.79e-04  |g| 0.27  rate [0.207, 0.117, 0.164, 0.285]  eta 20m  budget 56m
step    6900  loss 0.7176  bpc 1.0353 (plain 1.0684)  lr 2.73e-04  |g| 0.29  rate [0.207, 0.118, 0.165, 0.285]  eta 20m  budget 56m
step    7000  loss 0.6774  bpc 0.9772 (plain 1.0145)  lr 2.68e-04  |g| 0.30  rate [0.207, 0.118, 0.165, 0.291]  eta 19m  budget 56m
step    7100  loss 0.7194  bpc 1.0379 (plain 1.0491)  lr 2.63e-04  |g| 0.30  rate [0.207, 0.119, 0.164, 0.290]  eta 19m  budget 55m
step    7200  loss 0.7093  bpc 1.0233 (plain 1.0430)  lr 2.57e-04  |g| 0.33  rate [0.207, 0.118, 0.165, 0.291]  eta 19m  budget 55m
step    7300  loss 0.6967  bpc 1.0051 (plain 1.0425)  lr 2.52e-04  |g| 0.27  rate [0.207, 0.118, 0.165, 0.290]  eta 18m  budget 55m
step    7400  loss 0.7433  bpc 1.0724 (plain 1.0913)  lr 2.46e-04  |g| 0.28  rate [0.207, 0.118, 0.165, 0.287]  eta 18m  budget 55m
step    7500  loss 0.6900  bpc 0.9954 (plain 1.0419)  lr 2.41e-04  |g| 0.28  rate [0.207, 0.118, 0.165, 0.289]  eta 18m  budget 54m
step    7600  loss 0.6352  bpc 0.9163 (plain 0.9591)  lr 2.36e-04  |g| 0.27  rate [0.207, 0.119, 0.166, 0.289]  eta 18m  budget 54m
step    7700  loss 0.6632  bpc 0.9567 (plain 0.9908)  lr 2.30e-04  |g| 0.27  rate [0.207, 0.118, 0.165, 0.293]  eta 17m  budget 54m
step    7800  loss 0.6768  bpc 0.9765 (plain 1.0181)  lr 2.25e-04  |g| 0.28  rate [0.207, 0.119, 0.167, 0.289]  eta 17m  budget 54m
step    7900  loss 0.7398  bpc 1.0673 (plain 1.1295)  lr 2.19e-04  |g| 0.32  rate [0.208, 0.118, 0.167, 0.286]  eta 17m  budget 53m
  eval step    8000  alpaca 1.7069  dolly 1.9965  oasst1 1.9022  persona 0.2498  soda 1.2328  stories_topic 1.0758  tinystories 1.0839  weighted 1.2083
    ['hello'] -> 'Hi! How are you doing today?'
    ['tell me a story about a dog'] -> 'Once upon a time, there was a family with a big round toy. The car lived in a small house with a smile on the forest. The farmer liked to be a tree. He wanted to see what was insid'
step    8000  loss 0.6861  bpc 0.9899 (plain 1.0372)  lr 2.14e-04  |g| 0.25  rate [0.207, 0.118, 0.166, 0.288]  eta 17m  budget 53m
step    8100  loss 0.7190  bpc 1.0372 (plain 1.0671)  lr 2.09e-04  |g| 0.29  rate [0.207, 0.118, 0.166, 0.287]  eta 16m  budget 53m
step    8200  loss 0.6860  bpc 0.9896 (plain 1.0309)  lr 2.04e-04  |g| 0.30  rate [0.207, 0.118, 0.166, 0.291]  eta 16m  budget 52m
step    8300  loss 0.7097  bpc 1.0238 (plain 1.0531)  lr 1.98e-04  |g| 0.27  rate [0.207, 0.119, 0.167, 0.287]  eta 16m  budget 52m
step    8400  loss 0.6520  bpc 0.9407 (plain 0.9999)  lr 1.93e-04  |g| 0.28  rate [0.207, 0.118, 0.166, 0.295]  eta 15m  budget 52m
step    8500  loss 0.6789  bpc 0.9795 (plain 1.0397)  lr 1.88e-04  |g| 0.26  rate [0.207, 0.117, 0.165, 0.288]  eta 15m  budget 52m
step    8600  loss 0.6978  bpc 1.0067 (plain 1.0454)  lr 1.83e-04  |g| 0.27  rate [0.207, 0.119, 0.166, 0.286]  eta 15m  budget 51m
step    8700  loss 0.6661  bpc 0.9609 (plain 1.0025)  lr 1.78e-04  |g| 0.27  rate [0.207, 0.119, 0.167, 0.292]  eta 15m  budget 51m
step    8800  loss 0.6628  bpc 0.9562 (plain 1.0057)  lr 1.73e-04  |g| 0.25  rate [0.207, 0.119, 0.167, 0.292]  eta 14m  budget 51m
step    8900  loss 0.7146  bpc 1.0309 (plain 1.0603)  lr 1.68e-04  |g| 0.27  rate [0.208, 0.118, 0.168, 0.289]  eta 14m  budget 50m
step    9000  loss 0.6971  bpc 1.0057 (plain 1.0240)  lr 1.63e-04  |g| 0.27  rate [0.208, 0.119, 0.168, 0.290]  eta 14m  budget 50m
step    9100  loss 0.7323  bpc 1.0565 (plain 1.0805)  lr 1.58e-04  |g| 0.28  rate [0.207, 0.119, 0.167, 0.289]  eta 13m  budget 50m
step    9200  loss 0.6627  bpc 0.9560 (plain 1.0058)  lr 1.53e-04  |g| 0.28  rate [0.207, 0.119, 0.166, 0.289]  eta 13m  budget 50m
step    9300  loss 0.6774  bpc 0.9773 (plain 1.0093)  lr 1.48e-04  |g| 0.28  rate [0.208, 0.119, 0.167, 0.290]  eta 13m  budget 49m
step    9400  loss 0.6617  bpc 0.9547 (plain 0.9877)  lr 1.44e-04  |g| 0.26  rate [0.208, 0.119, 0.167, 0.292]  eta 13m  budget 49m
step    9500  loss 0.7106  bpc 1.0252 (plain 1.0618)  lr 1.39e-04  |g| 0.29  rate [0.207, 0.119, 0.167, 0.291]  eta 12m  budget 49m
step    9600  loss 0.6907  bpc 0.9965 (plain 1.0410)  lr 1.35e-04  |g| 0.30  rate [0.208, 0.119, 0.167, 0.290]  eta 12m  budget 49m
step    9700  loss 0.6547  bpc 0.9445 (plain 1.0002)  lr 1.30e-04  |g| 0.25  rate [0.207, 0.119, 0.168, 0.292]  eta 12m  budget 48m
step    9800  loss 0.6602  bpc 0.9525 (plain 0.9999)  lr 1.26e-04  |g| 0.29  rate [0.208, 0.119, 0.166, 0.291]  eta 12m  budget 48m
step    9900  loss 0.6781  bpc 0.9783 (plain 1.0054)  lr 1.21e-04  |g| 0.28  rate [0.207, 0.119, 0.168, 0.291]  eta 11m  budget 48m
  eval step   10000  alpaca 1.6999  dolly 1.9834  oasst1 1.8964  persona 0.2341  soda 1.2170  stories_topic 1.0610  tinystories 1.0683  weighted 1.1946
    ['hello'] -> 'Hey there. What shall we talk about?'
    ['tell me a story about a dog'] -> 'Once upon a time, there was a little girl named Lily. She loved to dress up her days and win. One day, she found a big, round ball in the grass. She was very happy to do this.\nLily'
step   10000  loss 0.7237  bpc 1.0440 (plain 1.0657)  lr 1.17e-04  |g| 0.28  rate [0.208, 0.119, 0.168, 0.289]  eta 11m  budget 47m
step   10100  loss 0.6933  bpc 1.0002 (plain 1.0363)  lr 1.13e-04  |g| 0.27  rate [0.208, 0.119, 0.168, 0.291]  eta 11m  budget 47m
step   10200  loss 0.6397  bpc 0.9229 (plain 0.9849)  lr 1.08e-04  |g| 0.24  rate [0.208, 0.119, 0.167, 0.289]  eta 10m  budget 47m
step   10300  loss 0.6887  bpc 0.9936 (plain 1.0325)  lr 1.04e-04  |g| 0.27  rate [0.208, 0.120, 0.169, 0.291]  eta 10m  budget 47m
step   10400  loss 0.6772  bpc 0.9770 (plain 1.0250)  lr 1.00e-04  |g| 0.25  rate [0.208, 0.119, 0.168, 0.290]  eta 10m  budget 46m
step   10500  loss 0.6341  bpc 0.9149 (plain 0.9594)  lr 9.65e-05  |g| 0.27  rate [0.208, 0.119, 0.167, 0.291]  eta 10m  budget 46m
step   10600  loss 0.6504  bpc 0.9383 (plain 0.9665)  lr 9.27e-05  |g| 0.27  rate [0.208, 0.119, 0.168, 0.294]  eta 9m  budget 46m
step   10700  loss 0.6846  bpc 0.9876 (plain 1.0369)  lr 8.89e-05  |g| 0.26  rate [0.208, 0.120, 0.168, 0.290]  eta 9m  budget 45m
step   10800  loss 0.7019  bpc 1.0126 (plain 1.0544)  lr 8.53e-05  |g| 0.26  rate [0.208, 0.119, 0.168, 0.288]  eta 9m  budget 45m
step   10900  loss 0.6978  bpc 1.0067 (plain 1.0394)  lr 8.17e-05  |g| 0.26  rate [0.208, 0.120, 0.169, 0.289]  eta 9m  budget 45m
step   11000  loss 0.6662  bpc 0.9611 (plain 1.0384)  lr 7.83e-05  |g| 0.25  rate [0.208, 0.120, 0.170, 0.291]  eta 8m  budget 45m
step   11100  loss 0.6986  bpc 1.0078 (plain 1.0408)  lr 7.49e-05  |g| 0.24  rate [0.208, 0.119, 0.169, 0.289]  eta 8m  budget 44m
step   11200  loss 0.6130  bpc 0.8844 (plain 0.9536)  lr 7.16e-05  |g| 0.25  rate [0.208, 0.120, 0.168, 0.292]  eta 8m  budget 44m
step   11300  loss 0.6442  bpc 0.9294 (plain 0.9850)  lr 6.85e-05  |g| 0.25  rate [0.207, 0.119, 0.168, 0.289]  eta 7m  budget 44m
step   11400  loss 0.6629  bpc 0.9564 (plain 0.9908)  lr 6.54e-05  |g| 0.26  rate [0.208, 0.120, 0.169, 0.293]  eta 7m  budget 44m
step   11500  loss 0.6454  bpc 0.9312 (plain 0.9617)  lr 6.24e-05  |g| 0.24  rate [0.208, 0.120, 0.168, 0.293]  eta 7m  budget 43m
step   11600  loss 0.6204  bpc 0.8950 (plain 0.9400)  lr 5.96e-05  |g| 0.24  rate [0.208, 0.120, 0.168, 0.296]  eta 7m  budget 43m
step   11700  loss 0.6783  bpc 0.9785 (plain 1.0336)  lr 5.68e-05  |g| 0.28  rate [0.208, 0.120, 0.169, 0.292]  eta 6m  budget 43m
step   11800  loss 0.6216  bpc 0.8967 (plain 0.9401)  lr 5.42e-05  |g| 0.25  rate [0.208, 0.120, 0.168, 0.295]  eta 6m  budget 43m
step   11900  loss 0.7156  bpc 1.0323 (plain 1.0721)  lr 5.16e-05  |g| 0.25  rate [0.208, 0.120, 0.169, 0.288]  eta 6m  budget 42m
  eval step   12000  alpaca 1.6721  dolly 1.9679  oasst1 1.8789  persona 0.2349  soda 1.2024  stories_topic 1.0511  tinystories 1.0594  weighted 1.1815
    ['hello'] -> 'Hi there. What can I do for you?'
    ['tell me a story about a dog'] -> 'One day, a cat and a dog were playing in the park. They were coming from a big party. The cat said, "Let\'s play with you!" The dog said, "Yes, let\'s go!"\nThe dog agreed. They were'
step   12000  loss 0.6614  bpc 0.9541 (plain 0.9937)  lr 4.92e-05  |g| 0.24  rate [0.207, 0.120, 0.169, 0.292]  eta 6m  budget 42m
step   12100  loss 0.6775  bpc 0.9775 (plain 1.0087)  lr 4.69e-05  |g| 0.26  rate [0.208, 0.120, 0.170, 0.291]  eta 5m  budget 42m
step   12200  loss 0.6486  bpc 0.9357 (plain 0.9776)  lr 4.47e-05  |g| 0.24  rate [0.207, 0.120, 0.169, 0.295]  eta 5m  budget 41m
step   12300  loss 0.7032  bpc 1.0145 (plain 1.0682)  lr 4.26e-05  |g| 0.26  rate [0.208, 0.120, 0.169, 0.289]  eta 5m  budget 41m
step   12400  loss 0.6744  bpc 0.9729 (plain 1.0392)  lr 4.06e-05  |g| 0.25  rate [0.208, 0.120, 0.169, 0.291]  eta 4m  budget 41m
step   12500  loss 0.6852  bpc 0.9886 (plain 1.0285)  lr 3.87e-05  |g| 0.25  rate [0.208, 0.120, 0.170, 0.291]  eta 4m  budget 41m
step   12600  loss 0.6394  bpc 0.9225 (plain 0.9840)  lr 3.70e-05  |g| 0.24  rate [0.208, 0.120, 0.169, 0.292]  eta 4m  budget 40m
step   12700  loss 0.6397  bpc 0.9228 (plain 0.9804)  lr 3.53e-05  |g| 0.25  rate [0.208, 0.120, 0.168, 0.292]  eta 4m  budget 40m
step   12800  loss 0.6488  bpc 0.9360 (plain 0.9664)  lr 3.38e-05  |g| 0.25  rate [0.208, 0.120, 0.169, 0.294]  eta 3m  budget 40m
step   12900  loss 0.6804  bpc 0.9817 (plain 1.0140)  lr 3.24e-05  |g| 0.26  rate [0.208, 0.120, 0.170, 0.291]  eta 3m  budget 39m
step   13000  loss 0.7173  bpc 1.0349 (plain 1.0625)  lr 3.11e-05  |g| 0.26  rate [0.208, 0.120, 0.170, 0.290]  eta 3m  budget 39m
step   13100  loss 0.6407  bpc 0.9243 (plain 0.9750)  lr 3.00e-05  |g| 0.24  rate [0.208, 0.120, 0.169, 0.294]  eta 2m  budget 39m
step   13200  loss 0.6655  bpc 0.9601 (plain 1.0074)  lr 2.89e-05  |g| 0.25  rate [0.208, 0.120, 0.170, 0.292]  eta 2m  budget 39m
step   13300  loss 0.6374  bpc 0.9196 (plain 0.9605)  lr 2.80e-05  |g| 0.24  rate [0.208, 0.121, 0.170, 0.293]  eta 2m  budget 38m
step   13400  loss 0.7307  bpc 1.0542 (plain 1.0994)  lr 2.72e-05  |g| 0.27  rate [0.208, 0.120, 0.171, 0.288]  eta 2m  budget 38m
step   13500  loss 0.6762  bpc 0.9755 (plain 1.0227)  lr 2.65e-05  |g| 0.25  rate [0.207, 0.120, 0.169, 0.292]  eta 1m  budget 38m
step   13600  loss 0.6992  bpc 1.0087 (plain 1.0434)  lr 2.60e-05  |g| 0.25  rate [0.208, 0.121, 0.169, 0.291]  eta 1m  budget 38m
step   13700  loss 0.6482  bpc 0.9352 (plain 0.9834)  lr 2.56e-05  |g| 0.24  rate [0.208, 0.120, 0.169, 0.293]  eta 1m  budget 37m
step   13800  loss 0.6960  bpc 1.0041 (plain 1.0431)  lr 2.52e-05  |g| 0.25  rate [0.208, 0.120, 0.170, 0.291]  eta 1m  budget 37m
step   13900  loss 0.6350  bpc 0.9161 (plain 0.9529)  lr 2.51e-05  |g| 0.24  rate [0.208, 0.120, 0.169, 0.295]  eta 0m  budget 37m
  eval step   14000  alpaca 1.6689  dolly 1.9756  oasst1 1.8907  persona 0.2334  soda 1.1968  stories_topic 1.0464  tinystories 1.0549  weighted 1.1782
    ['hello'] -> 'Hello there. How are you doing today?'
    ['tell me a story about a dog'] -> 'Once upon a time, there was a famous little cat. The cat loved to play and run around. One day, the cat found a big hat. The cat was very happy and wanted to play too.\nThe cat went'
  eval step   14000  alpaca 1.6689  dolly 1.9756  oasst1 1.8907  persona 0.2334  soda 1.1968  stories_topic 1.0464  tinystories 1.0549  weighted 1.1782
